:irc.example.com 001 spiderman :Welcome to the IRC network, spiderman
:spiderman QUIT
