:irc.example.com 400 * :You need to register first
